__tests__/unit/repositories/event-repository.test.ts(135,73): error TS2339: Property 'ARCHIVED' does not exist on type '{ DRAFT: "DRAFT"; PUBLISHED: "PUBLISHED"; COMPLETED: "COMPLETED"; CANCELLED: "CANCELLED"; }'.
__tests__/unit/services/registration-service.test.ts(52,27): error TS2339: Property 'data' does not exist on type '{ success: false; error: string; } | { success: true; data: { id: string; createdAt: Date; updatedAt: Date; extras: JsonValue; userId: string; bibNumber: string | null; ... 20 more ...; finalPrice: Decimal | null; }[]; }'.
  Property 'data' does not exist on type '{ success: false; error: string; }'.
__tests__/unit/services/registration-service.test.ts(63,27): error TS2339: Property 'error' does not exist on type '{ success: false; error: string; } | { success: true; data: { id: string; createdAt: Date; updatedAt: Date; extras: JsonValue; userId: string; bibNumber: string | null; ... 20 more ...; finalPrice: Decimal | null; }[]; }'.
  Property 'error' does not exist on type '{ success: true; data: { id: string; createdAt: Date; updatedAt: Date; extras: JsonValue; userId: string; bibNumber: string | null; bibSent: boolean; paymentId: string | null; ... 18 more ...; finalPrice: Decimal | null; }[]; }'.
__tests__/unit/services/registration-service.test.ts(88,27): error TS2339: Property 'data' does not exist on type '{ success: false; error: string; } | { success: true; data: { id: string; createdAt: Date; updatedAt: Date; extras: JsonValue; userId: string; bibNumber: string | null; ... 20 more ...; finalPrice: Decimal | null; }[]; }'.
  Property 'data' does not exist on type '{ success: false; error: string; }'.
__tests__/unit/services/registration-service.test.ts(99,27): error TS2339: Property 'error' does not exist on type '{ success: false; error: string; } | { success: true; data: { id: string; createdAt: Date; updatedAt: Date; extras: JsonValue; userId: string; bibNumber: string | null; ... 20 more ...; finalPrice: Decimal | null; }[]; }'.
  Property 'error' does not exist on type '{ success: true; data: { id: string; createdAt: Date; updatedAt: Date; extras: JsonValue; userId: string; bibNumber: string | null; bibSent: boolean; paymentId: string | null; ... 18 more ...; finalPrice: Decimal | null; }[]; }'.
__tests__/unit/services/registration-service.test.ts(119,27): error TS2339: Property 'data' does not exist on type '{ success: false; error: string; } | { success: true; data: { id: string; createdAt: Date; updatedAt: Date; extras: JsonValue; userId: string; bibNumber: string | null; ... 20 more ...; finalPrice: Decimal | null; }; }'.
  Property 'data' does not exist on type '{ success: false; error: string; }'.
__tests__/unit/services/registration-service.test.ts(129,27): error TS2339: Property 'error' does not exist on type '{ success: false; error: string; } | { success: true; data: { id: string; createdAt: Date; updatedAt: Date; extras: JsonValue; userId: string; bibNumber: string | null; ... 20 more ...; finalPrice: Decimal | null; }; }'.
  Property 'error' does not exist on type '{ success: true; data: { id: string; createdAt: Date; updatedAt: Date; extras: JsonValue; userId: string; bibNumber: string | null; bibSent: boolean; paymentId: string | null; ... 18 more ...; finalPrice: Decimal | null; }; }'.
__tests__/unit/services/registration-service.test.ts(139,27): error TS2339: Property 'error' does not exist on type '{ success: false; error: string; } | { success: true; data: { id: string; createdAt: Date; updatedAt: Date; extras: JsonValue; userId: string; bibNumber: string | null; ... 20 more ...; finalPrice: Decimal | null; }; }'.
  Property 'error' does not exist on type '{ success: true; data: { id: string; createdAt: Date; updatedAt: Date; extras: JsonValue; userId: string; bibNumber: string | null; bibSent: boolean; paymentId: string | null; ... 18 more ...; finalPrice: Decimal | null; }; }'.
src/app/[locale]/secretroom75/(admin)/memberships/page.tsx(33,27): error TS2322: Type '(formData: FormData) => Promise<{ success: boolean; message: string; }>' is not assignable to type 'string | ((formData: FormData) => void | Promise<void>) | undefined'.
  Type '(formData: FormData) => Promise<{ success: boolean; message: string; }>' is not assignable to type '(formData: FormData) => void | Promise<void>'.
    Type 'Promise<{ success: boolean; message: string; }>' is not assignable to type 'void | Promise<void>'.
      Type 'Promise<{ success: boolean; message: string; }>' is not assignable to type 'Promise<void>'.
        Type '{ success: boolean; message: string; }' is not assignable to type 'void'.
src/app/[locale]/secretroom75/(admin)/shop-settings/page.tsx(32,51): error TS2322: Type '{ name: string; email: string | null; phone: string | null; address: string; id: string; order: number; key: string | null; createdAt: Date; updatedAt: Date; taxNumber: string | null; ... 7 more ...; ibanEuro: string | null; }[]' is not assignable to type 'Seller[]'.
  Type '{ name: string; email: string | null; phone: string | null; address: string; id: string; order: number; key: string | null; createdAt: Date; updatedAt: Date; taxNumber: string | null; ... 7 more ...; ibanEuro: string | null; }' is not assignable to type 'Seller'.
    Types of property 'taxNumber' are incompatible.
      Type 'string | null' is not assignable to type 'string | undefined'.
        Type 'null' is not assignable to type 'string | undefined'.
src/app/api/secretroom75/export/route.ts(22,5): error TS2578: Unused '@ts-expect-error' directive.
src/app/api/secretroom75/export/route.ts(26,13): error TS2353: Object literal may only specify known properties, and 'registrations' does not exist in type 'EventInclude<DefaultArgs>'.
src/components/ui/alert-dialog.tsx(2,39): error TS2307: Cannot find module '@radix-ui/react-alert-dialog' or its corresponding type declarations.
src/components/ui/Select.tsx(48,51): error TS18046: 'child.props' is of type 'unknown'.
src/lib/safe-delete.ts(46,47): error TS2731: Implicit conversion of a 'symbol' to a 'string' will fail at runtime. Consider wrapping this expression in 'String(...)'.
src/lib/safe-delete.ts(49,58): error TS2731: Implicit conversion of a 'symbol' to a 'string' will fail at runtime. Consider wrapping this expression in 'String(...)'.
src/lib/safe-delete.ts(74,71): error TS2731: Implicit conversion of a 'symbol' to a 'string' will fail at runtime. Consider wrapping this expression in 'String(...)'.
src/lib/safe-delete.ts(83,67): error TS2731: Implicit conversion of a 'symbol' to a 'string' will fail at runtime. Consider wrapping this expression in 'String(...)'.
src/lib/safe-delete.ts(86,62): error TS2731: Implicit conversion of a 'symbol' to a 'string' will fail at runtime. Consider wrapping this expression in 'String(...)'.
src/lib/safe-delete.ts(119,52): error TS2731: Implicit conversion of a 'symbol' to a 'string' will fail at runtime. Consider wrapping this expression in 'String(...)'.
src/lib/safe-delete.ts(122,63): error TS2731: Implicit conversion of a 'symbol' to a 'string' will fail at runtime. Consider wrapping this expression in 'String(...)'.
src/lib/safe-delete.ts(146,55): error TS2731: Implicit conversion of a 'symbol' to a 'string' will fail at runtime. Consider wrapping this expression in 'String(...)'.
src/lib/safe-delete.ts(149,66): error TS2731: Implicit conversion of a 'symbol' to a 'string' will fail at runtime. Consider wrapping this expression in 'String(...)'.
src/lib/validators/registration.ts(72,38): error TS2769: No overload matches this call.
  Overload 1 of 2, '(values: readonly ["CARD", "BANK_TRANSFER", "CASH"], params?: string | { error?: string | $ZodErrorMap<$ZodIssueInvalidValue<unknown>> | undefined; message?: string | undefined; } | undefined): ZodEnum<...>', gave the following error.
    Object literal may only specify known properties, and 'errorMap' does not exist in type '{ error?: string | $ZodErrorMap<$ZodIssueInvalidValue<unknown>> | undefined; message?: string | undefined; }'.
  Overload 2 of 2, '(entries: Readonly<Record<string, EnumValue>>, params?: string | { error?: string | $ZodErrorMap<$ZodIssueInvalidValue<unknown>> | undefined; message?: string | undefined; } | undefined): ZodEnum<...>', gave the following error.
    Argument of type 'string[]' is not assignable to parameter of type 'Readonly<Record<string, EnumValue>>'.
      Index signature for type 'string' is missing in type 'string[]'.
src/lib/validators/registration.ts(97,33): error TS2339: Property 'errors' does not exist on type 'ZodError<T>'.
src/lib/validators/registration.ts(97,44): error TS7006: Parameter 'err' implicitly has an 'any' type.
